// Jest Snapshot v1, https://goo.gl/fbAQLP

exports[`getEnvVar should generate correct environment variable names 1`] = `"TEST_APP1_FEATURE1_PROPERTY1"`;

exports[`getEnvVar should generate correct environment variable names 2`] = `"FEATURE1_PROPERTY1"`;

exports[`getEnvVar should generate correct environment variable names 3`] = `"PROPERTY1"`;

exports[`getEnvVar should generate correct environment variable names 4`] = `"TEST_APP1_FEATURE1_PROPERTY2"`;

exports[`getEnvVar should generate correct environment variable names 5`] = `"FEATURE1_PROPERTY2"`;

exports[`getEnvVar should generate correct environment variable names 6`] = `"PROPERTY2"`;

exports[`getEnvVar should generate correct environment variable names 7`] = `"TEST_APP1_FEATURE1_PROPERTY3"`;

exports[`getEnvVar should generate correct environment variable names 8`] = `"FEATURE1_PROPERTY3"`;

exports[`getEnvVar should generate correct environment variable names 9`] = `"PROPERTY3"`;

exports[`getEnvVar should generate correct environment variable names 10`] = `"TEST_APP1_FEATURE2_PROPERTY1"`;

exports[`getEnvVar should generate correct environment variable names 11`] = `"FEATURE2_PROPERTY1"`;

exports[`getEnvVar should generate correct environment variable names 12`] = `"PROPERTY1"`;

exports[`getEnvVar should generate correct environment variable names 13`] = `"TEST_APP1_FEATURE2_PROPERTY2"`;

exports[`getEnvVar should generate correct environment variable names 14`] = `"FEATURE2_PROPERTY2"`;

exports[`getEnvVar should generate correct environment variable names 15`] = `"PROPERTY2"`;

exports[`getEnvVar should generate correct environment variable names 16`] = `"TEST_APP1_FEATURE2_PROPERTY3"`;

exports[`getEnvVar should generate correct environment variable names 17`] = `"FEATURE2_PROPERTY3"`;

exports[`getEnvVar should generate correct environment variable names 18`] = `"PROPERTY3"`;

exports[`getEnvVar should generate correct environment variable names 19`] = `"TEST_APP1_FEATURE3_PROPERTY1"`;

exports[`getEnvVar should generate correct environment variable names 20`] = `"FEATURE3_PROPERTY1"`;

exports[`getEnvVar should generate correct environment variable names 21`] = `"PROPERTY1"`;

exports[`getEnvVar should generate correct environment variable names 22`] = `"TEST_APP1_FEATURE3_PROPERTY2"`;

exports[`getEnvVar should generate correct environment variable names 23`] = `"FEATURE3_PROPERTY2"`;

exports[`getEnvVar should generate correct environment variable names 24`] = `"PROPERTY2"`;

exports[`getEnvVar should generate correct environment variable names 25`] = `"TEST_APP1_FEATURE3_PROPERTY3"`;

exports[`getEnvVar should generate correct environment variable names 26`] = `"FEATURE3_PROPERTY3"`;

exports[`getEnvVar should generate correct environment variable names 27`] = `"PROPERTY3"`;

exports[`getEnvVar should generate correct environment variable names 28`] = `"TEST_APP2_FEATURE1_PROPERTY1"`;

exports[`getEnvVar should generate correct environment variable names 29`] = `"FEATURE1_PROPERTY1"`;

exports[`getEnvVar should generate correct environment variable names 30`] = `"PROPERTY1"`;

exports[`getEnvVar should generate correct environment variable names 31`] = `"TEST_APP2_FEATURE1_PROPERTY2"`;

exports[`getEnvVar should generate correct environment variable names 32`] = `"FEATURE1_PROPERTY2"`;

exports[`getEnvVar should generate correct environment variable names 33`] = `"PROPERTY2"`;

exports[`getEnvVar should generate correct environment variable names 34`] = `"TEST_APP2_FEATURE1_PROPERTY3"`;

exports[`getEnvVar should generate correct environment variable names 35`] = `"FEATURE1_PROPERTY3"`;

exports[`getEnvVar should generate correct environment variable names 36`] = `"PROPERTY3"`;

exports[`getEnvVar should generate correct environment variable names 37`] = `"TEST_APP2_FEATURE2_PROPERTY1"`;

exports[`getEnvVar should generate correct environment variable names 38`] = `"FEATURE2_PROPERTY1"`;

exports[`getEnvVar should generate correct environment variable names 39`] = `"PROPERTY1"`;

exports[`getEnvVar should generate correct environment variable names 40`] = `"TEST_APP2_FEATURE2_PROPERTY2"`;

exports[`getEnvVar should generate correct environment variable names 41`] = `"FEATURE2_PROPERTY2"`;

exports[`getEnvVar should generate correct environment variable names 42`] = `"PROPERTY2"`;

exports[`getEnvVar should generate correct environment variable names 43`] = `"TEST_APP2_FEATURE2_PROPERTY3"`;

exports[`getEnvVar should generate correct environment variable names 44`] = `"FEATURE2_PROPERTY3"`;

exports[`getEnvVar should generate correct environment variable names 45`] = `"PROPERTY3"`;

exports[`getEnvVar should generate correct environment variable names 46`] = `"TEST_APP2_FEATURE3_PROPERTY1"`;

exports[`getEnvVar should generate correct environment variable names 47`] = `"FEATURE3_PROPERTY1"`;

exports[`getEnvVar should generate correct environment variable names 48`] = `"PROPERTY1"`;

exports[`getEnvVar should generate correct environment variable names 49`] = `"TEST_APP2_FEATURE3_PROPERTY2"`;

exports[`getEnvVar should generate correct environment variable names 50`] = `"FEATURE3_PROPERTY2"`;

exports[`getEnvVar should generate correct environment variable names 51`] = `"PROPERTY2"`;

exports[`getEnvVar should generate correct environment variable names 52`] = `"TEST_APP2_FEATURE3_PROPERTY3"`;

exports[`getEnvVar should generate correct environment variable names 53`] = `"FEATURE3_PROPERTY3"`;

exports[`getEnvVar should generate correct environment variable names 54`] = `"PROPERTY3"`;
