// Jest Snapshot v1, https://goo.gl/fbAQLP

exports[`MainService should get status 1`] = `
{
  "endpoints": {
    "accesstoken": {
      "method": "GET",
      "url": "/accesstoken",
    },
    "accesstokenrefresh": {
      "method": "GET",
      "url": "/accesstoken?refresh=true",
    },
    "status": {
      "method": "GET",
      "url": "/status",
    },
  },
  "name": "bnet-auth-service",
}
`;
