// Jest Snapshot v1, https://goo.gl/fbAQLP

exports[`constants should be defined 1`] = `
Object {
  "APP_INFO": Object {
    "appPrefix": "BAS",
    "description": "REST microservice for retrieving and caching OAuth access tokens from Blizzard Battle.net API",
    "name": "bnet-auth-service",
  },
}
`;
